[2026-09-11 13:42:37] [INFO] Firewall check selesai
[2026-09-11 13:42:37] [INFO] Anomaly scan: 0 ancaman
[2026-09-11 13:42:37] [INFO] Integrity: 0 ok, 0 changed
[2026-09-11 13:42:37] [INFO] Echo-shield check
[2026-09-11 13:42:37] [INFO] Kosmik vault check
[2026-09-11 13:42:51] [INFO] Firewall check selesai
[2026-09-11 13:42:51] [INFO] Anomaly scan: 0 ancaman
[2026-09-11 13:42:51] [INFO] Integrity: 4 ok, 0 changed
[2026-09-11 13:42:51] [INFO] Echo-shield check
[2026-09-11 13:42:51] [INFO] Kosmik vault check
[2026-09-11 13:43:07] [INFO] Firewall check selesai
[2026-09-11 13:43:14] [INFO] Anomaly scan: 0 ancaman
[2026-09-11 13:43:18] [INFO] Integrity: 4 ok, 0 changed
[2026-09-11 13:43:26] [INFO] Auto-lock check
[2026-09-11 13:43:50] [INFO] Kosmik vault check
[2026-09-11 13:58:07] [INFO] Firewall check selesai
[2026-09-11 13:58:07] [INFO] Anomaly scan: 0 ancaman
[2026-09-11 13:58:07] [INFO] Integrity: 4 ok, 0 changed
[2026-09-11 13:58:07] [INFO] Echo-shield check
[2026-09-11 13:58:07] [INFO] Kosmik vault check
[2026-09-11 14:04:25] [INFO] Firewall check selesai
[2026-09-11 14:04:25] [INFO] Anomaly scan: 0 ancaman
[2026-09-11 14:04:25] [INFO] Integrity: 4 ok, 0 changed
[2026-09-11 14:04:25] [INFO] Echo-shield check
[2026-09-11 14:04:25] [INFO] Kosmik vault check
[2026-09-11 18:20:50] [INFO] Firewall check selesai
[2026-09-11 18:20:50] [INFO] Anomaly scan: 0 ancaman
[2026-09-11 18:20:50] [INFO] Integrity: 4 ok, 0 changed
[2026-09-11 18:20:50] [INFO] Echo-shield check
[2026-09-11 18:20:50] [INFO] Kosmik vault check
[2026-09-11 18:49:15] [INFO] Firewall check selesai
[2026-09-11 18:49:15] [INFO] Anomaly scan: 0 ancaman
[2026-09-11 18:49:15] [INFO] Integrity: 4 ok, 0 changed
[2026-09-11 18:49:15] [INFO] Echo-shield check
[2026-09-11 18:49:15] [INFO] Kosmik vault check
[2026-09-11 18:50:29] [INFO] Firewall check selesai
[2026-09-11 18:50:29] [INFO] Anomaly scan: 0 ancaman
[2026-09-11 18:50:29] [INFO] Integrity: 4 ok, 0 changed
[2026-09-11 18:50:29] [INFO] Echo-shield check
[2026-09-11 18:50:29] [INFO] Kosmik vault check
[2026-09-11 18:52:52] [INFO] Firewall check selesai
[2026-09-11 18:52:52] [INFO] Anomaly scan: 0 ancaman
[2026-09-11 18:52:52] [INFO] Integrity: 4 ok, 0 changed
[2026-09-11 18:52:52] [INFO] Echo-shield check
[2026-09-11 18:52:52] [INFO] Kosmik vault check
[2026-09-11 18:56:17] [INFO] Firewall check selesai
[2026-09-11 18:56:17] [INFO] Anomaly scan: 0 ancaman
[2026-09-11 18:56:17] [INFO] Integrity: 4 ok, 0 changed
[2026-09-11 18:56:17] [INFO] Echo-shield check
[2026-09-11 18:56:17] [INFO] Kosmik vault check
[2026-09-11 19:17:18] [INFO] Firewall check selesai
[2026-09-11 19:17:18] [INFO] Anomaly scan: 0 ancaman
[2026-09-11 19:17:18] [INFO] Integrity: 4 ok, 0 changed
[2026-09-11 19:17:18] [INFO] Echo-shield check
[2026-09-11 19:17:18] [INFO] Kosmik vault check
[2026-09-11 19:23:56] [INFO] Firewall check selesai
[2026-09-11 19:23:56] [INFO] Anomaly scan: 0 ancaman
[2026-09-11 19:23:56] [INFO] Integrity: 4 ok, 0 changed
[2026-09-11 19:23:56] [INFO] Echo-shield check
[2026-09-11 19:23:56] [INFO] Kosmik vault check
[2026-09-11 19:25:11] [INFO] Firewall check selesai
[2026-09-11 19:25:11] [INFO] Anomaly scan: 0 ancaman
[2026-09-11 19:25:11] [INFO] Integrity: 4 ok, 0 changed
[2026-09-11 19:25:11] [INFO] Echo-shield check
[2026-09-11 19:25:11] [INFO] Kosmik vault check
[2026-09-11 19:26:06] [INFO] Firewall check selesai
[2026-09-11 19:26:07] [INFO] Anomaly scan: 0 ancaman
[2026-09-11 19:26:07] [INFO] Integrity: 4 ok, 0 changed
[2026-09-11 19:26:07] [INFO] Echo-shield check
[2026-09-11 19:26:07] [INFO] Kosmik vault check
[2026-09-11 19:27:04] [INFO] Firewall check selesai
[2026-09-11 19:27:07] [INFO] Integrity: 4 ok, 0 changed
[2026-09-11 19:27:14] [WARN] Secure wipe dijalankan
[2026-09-11 19:35:38] [INFO] Firewall check selesai
[2026-09-11 19:35:38] [INFO] Anomaly scan: 0 ancaman
[2026-09-11 19:35:38] [INFO] Integrity: 4 ok, 0 changed
[2026-09-11 19:35:38] [INFO] Echo-shield check
[2026-09-11 19:35:38] [INFO] Kosmik vault check
[2026-09-11 20:09:59] [INFO] Firewall check selesai
[2026-09-11 20:09:59] [INFO] Anomaly scan: 0 ancaman
[2026-09-11 20:09:59] [INFO] Integrity: 3 ok, 1 changed
[2026-09-11 20:09:59] [INFO] Echo-shield check
[2026-09-11 20:09:59] [INFO] Kosmik vault check
[2026-09-11 20:14:20] [INFO] Firewall check selesai
[2026-09-11 20:14:20] [INFO] Anomaly scan: 0 ancaman
[2026-09-11 20:14:20] [INFO] Integrity: 4 ok, 0 changed
[2026-09-11 20:14:20] [INFO] Echo-shield check
[2026-09-11 20:14:20] [INFO] Kosmik vault check
